adrien@openwhyd-server-ubuntu-16gb-nyc2:~$ ls -l /etc/nginx/sites-enabled
total 0
lrwxrwxrwx 1 root root 34 Jun 25 07:03 default -> /etc/nginx/sites-available/default
lrwxrwxrwx 1 root root 33 Jul 18 17:48 https.whyd.com -> ../sites-available/https.whyd.com
lrwxrwxrwx 1 root root 39 Jun 27 12:12 openwhyd.org -> /etc/nginx/sites-available/openwhyd.org
lrwxrwxrwx 1 root root 47 Jul 25 10:56 preprod.openwhyd.org -> /etc/nginx/sites-available/preprod.openwhyd.org
lrwxrwxrwx 1 root root 27 Jul 18 10:19 whyd.com -> ../sites-available/whyd.com

adrien@openwhyd-server-ubuntu-16gb-nyc2:~$ ls -l /etc/nginx/sites-available
total 20
-rw-r--r-- 1 root root 2595 Jun 27 13:42 default
-rw-r--r-- 1 root root  222 Jul 18 12:17 https.whyd.com
-rw-r--r-- 1 root root 1467 Jul 25 19:14 openwhyd.org
-rw-r--r-- 1 root root 1392 Jul 25 10:53 preprod.openwhyd.org
-rw-r--r-- 1 root root   97 Jul 18 12:17 whyd.com








adrien@openwhyd-server-ubuntu-16gb-nyc2:~$ cat /etc/nginx/sites-available/default
# You may add here your
# server {
# ...
# }
# statements for each of your virtual hosts to this file

##
# You should look at the following URL's in order to grasp a solid understanding
# of Nginx configuration files in order to fully unleash the power of Nginx.
# http://wiki.nginx.org/Pitfalls
# http://wiki.nginx.org/QuickStart
# http://wiki.nginx.org/Configuration
#
# Generally, you will want to move this file somewhere, and start with a clean
# file but keep this around for reference. Or just disable in sites-enabled.
#
# Please see /usr/share/doc/nginx-doc/examples/ for more detailed examples.
##

server {
  listen 80 default_server;
  listen [::]:80 default_server ipv6only=on;

  root /usr/share/nginx/html;
  index index.html index.htm;

  # Make site accessible from http://localhost/
  server_name localhost;

  location / {
    # First attempt to serve request as file, then
    # as directory, then fall back to displaying a 404.
    try_files $uri $uri/ =404;
    # Uncomment to enable naxsi on this location
    # include /etc/nginx/naxsi.rules
  }

  # Only for nginx-naxsi used with nginx-naxsi-ui : process denied requests
  #location /RequestDenied {
  # proxy_pass http://127.0.0.1:8080;    
  #}

  #error_page 404 /404.html;

  # redirect server error pages to the static page /50x.html
  #
  #error_page 500 502 503 504 /50x.html;
  #location = /50x.html {
  # root /usr/share/nginx/html;
  #}

  # pass the PHP scripts to FastCGI server listening on 127.0.0.1:9000
  #
  #location ~ \.php$ {
  # fastcgi_split_path_info ^(.+\.php)(/.+)$;
  # # NOTE: You should have "cgi.fix_pathinfo = 0;" in php.ini
  #
  # # With php5-cgi alone:
  # fastcgi_pass 127.0.0.1:9000;
  # # With php5-fpm:
  # fastcgi_pass unix:/var/run/php5-fpm.sock;
  # fastcgi_index index.php;
  # include fastcgi_params;
  #}

  # deny access to .htaccess files, if Apache's document root
  # concurs with nginx's one
  #
  #location ~ /\.ht {
  # deny all;
  #}
}


# another virtual host using mix of IP-, name-, and port-based configuration
#
#server {
# listen 8000;
# listen somename:8080;
# server_name somename alias another.alias;
# root html;
# index index.html index.htm;
#
# location / {
#   try_files $uri $uri/ =404;
# }
#}


# HTTPS server
#
#server {
# listen 443;
# server_name localhost;
#
# root html;
# index index.html index.htm;
#
# ssl on;
# ssl_certificate cert.pem;
# ssl_certificate_key cert.key;
#
# ssl_session_timeout 5m;
#
# ssl_protocols SSLv3 TLSv1 TLSv1.1 TLSv1.2;
# ssl_ciphers "HIGH:!aNULL:!MD5 or HIGH:!aNULL:!MD5:!3DES";
# ssl_prefer_server_ciphers on;
#
# location / {
#   try_files $uri $uri/ =404;
# }
#}












adrien@openwhyd-server-ubuntu-16gb-nyc2:~$ cat /etc/nginx/sites-available/whyd.com
server {

  server_name www.whyd.com whyd.com;
  return 301 https://openwhyd.org$request_uri;

}








adrien@openwhyd-server-ubuntu-16gb-nyc2:~$ cat /etc/nginx/sites-available/https.whyd.com
server {
  listen 443;
  ssl on;
  ssl_certificate /etc/nginx/ssl/server.chained.crt;
  ssl_certificate_key /etc/nginx/ssl/server.key;
  server_name www.whyd.com whyd.com;
  return 301 https://openwhyd.org$request_uri;
}








adrien@openwhyd-server-ubuntu-16gb-nyc2:~$ cat /etc/nginx/sites-available/openwhyd.org
server {
  server_name www.openwhyd.org;
  return 301 https://openwhyd.org$request_uri;
}

server {

  server_name openwhyd.org;

  location / {
    proxy_pass http://localhost:1095;
  }

}

server {
  listen 443 ssl;
  server_name openwhyd.org;

  ssl on;
  ssl_certificate /etc/letsencrypt/live/openwhyd.org/fullchain.pem;
  ssl_certificate_key /etc/letsencrypt/live/openwhyd.org/privkey.pem;


  ssl_protocols TLSv1 TLSv1.1 TLSv1.2;
  ssl_prefer_server_ciphers on;
  ssl_dhparam /etc/ssl/certs/dhparam.pem;
  ssl_ciphers 'ECDHE-RSA-AES128-GCM-SHA256:ECDHE-ECDSA-AES128-GCM-SHA256:ECDHE-RSA-AES256-GCM-SHA384:ECDHE-ECDSA-AES256-GCM-SHA384:DHE-RSA-AES128-GCM-SHA256:DHE-DSS-AES128-GCM-SHA256:kEDH+AESGCM:ECDHE-RSA-AES128-SHA256:ECDHE-ECDSA-AES128-SHA256:ECDHE-RSA-AES128-SHA:ECDHE-ECDSA-AES128-SHA:ECDHE-RSA-AES256-SHA384:ECDHE-ECDSA-AES256-SHA384:ECDHE-RSA-AES256-SHA:ECDHE-ECDSA-AES256-SHA:DHE-RSA-AES128-SHA256:DHE-RSA-AES128-SHA:DHE-DSS-AES128-SHA256:DHE-RSA-AES256-SHA256:DHE-DSS-AES256-SHA:DHE-RSA-AES256-SHA:AES128-GCM-SHA256:AES256-GCM-SHA384:AES128-SHA256:AES256-SHA256:AES128-SHA:AES256-SHA:AES:CAMELLIA:DES-CBC3-SHA:!aNULL:!eNULL:!EXPORT:!DES:!RC4:!MD5:!PSK:!aECDH:!EDH-DSS-DES-CBC3-SHA:!EDH-RSA-DES-CBC3-SHA:!KRB5-DES-CBC3-SHA';
  ssl_session_timeout 1d;
  ssl_session_cache shared:SSL:50m;
  ssl_stapling on;
  ssl_stapling_verify on;
  add_header Strict-Transport-Security max-age=15768000;

  location / {
    proxy_pass http://localhost:1095;
  }
}












adrien@openwhyd-server-ubuntu-16gb-nyc2:~$ cat /etc/nginx/sites-available/openwhyd.org
server {
  server_name www.openwhyd.org;
  return 301 https://openwhyd.org$request_uri;
}

server {

  server_name openwhyd.org;

  location / {
    proxy_pass http://localhost:1095;
  }

}

server {
  listen 443 ssl;
  server_name openwhyd.org;

  ssl on;
  ssl_certificate /etc/letsencrypt/live/openwhyd.org/fullchain.pem;
  ssl_certificate_key /etc/letsencrypt/live/openwhyd.org/privkey.pem;


  ssl_protocols TLSv1 TLSv1.1 TLSv1.2;
  ssl_prefer_server_ciphers on;
  ssl_dhparam /etc/ssl/certs/dhparam.pem;
  ssl_ciphers 'ECDHE-RSA-AES128-GCM-SHA256:ECDHE-ECDSA-AES128-GCM-SHA256:ECDHE-RSA-AES256-GCM-SHA384:ECDHE-ECDSA-AES256-GCM-SHA384:DHE-RSA-AES128-GCM-SHA256:DHE-DSS-AES128-GCM-SHA256:kEDH+AESGCM:ECDHE-RSA-AES128-SHA256:ECDHE-ECDSA-AES128-SHA256:ECDHE-RSA-AES128-SHA:ECDHE-ECDSA-AES128-SHA:ECDHE-RSA-AES256-SHA384:ECDHE-ECDSA-AES256-SHA384:ECDHE-RSA-AES256-SHA:ECDHE-ECDSA-AES256-SHA:DHE-RSA-AES128-SHA256:DHE-RSA-AES128-SHA:DHE-DSS-AES128-SHA256:DHE-RSA-AES256-SHA256:DHE-DSS-AES256-SHA:DHE-RSA-AES256-SHA:AES128-GCM-SHA256:AES256-GCM-SHA384:AES128-SHA256:AES256-SHA256:AES128-SHA:AES256-SHA:AES:CAMELLIA:DES-CBC3-SHA:!aNULL:!eNULL:!EXPORT:!DES:!RC4:!MD5:!PSK:!aECDH:!EDH-DSS-DES-CBC3-SHA:!EDH-RSA-DES-CBC3-SHA:!KRB5-DES-CBC3-SHA';
  ssl_session_timeout 1d;
  ssl_session_cache shared:SSL:50m;
  ssl_stapling on;
  ssl_stapling_verify on;
  add_header Strict-Transport-Security max-age=15768000;

  location / {
    proxy_pass http://localhost:1095;
  }
}








adrien@openwhyd-server-ubuntu-16gb-nyc2:~$ cat /etc/nginx/sites-available/preprod.openwhyd.org
server {

  server_name preprod.openwhyd.org;

  location / {
    proxy_pass http://localhost:1096;
  }

}

server {
  listen 443 ssl;
  server_name preprod.openwhyd.org;

  ssl on;
  ssl_certificate /etc/letsencrypt/live/openwhyd.org/fullchain.pem;
  ssl_certificate_key /etc/letsencrypt/live/openwhyd.org/privkey.pem;


  ssl_protocols TLSv1 TLSv1.1 TLSv1.2;
  ssl_prefer_server_ciphers on;
  ssl_dhparam /etc/ssl/certs/dhparam.pem;
  ssl_ciphers 'ECDHE-RSA-AES128-GCM-SHA256:ECDHE-ECDSA-AES128-GCM-SHA256:ECDHE-RSA-AES256-GCM-SHA384:ECDHE-ECDSA-AES256-GCM-SHA384:DHE-RSA-AES128-GCM-SHA256:DHE-DSS-AES128-GCM-SHA256:kEDH+AESGCM:ECDHE-RSA-AES128-SHA256:ECDHE-ECDSA-AES128-SHA256:ECDHE-RSA-AES128-SHA:ECDHE-ECDSA-AES128-SHA:ECDHE-RSA-AES256-SHA384:ECDHE-ECDSA-AES256-SHA384:ECDHE-RSA-AES256-SHA:ECDHE-ECDSA-AES256-SHA:DHE-RSA-AES128-SHA256:DHE-RSA-AES128-SHA:DHE-DSS-AES128-SHA256:DHE-RSA-AES256-SHA256:DHE-DSS-AES256-SHA:DHE-RSA-AES256-SHA:AES128-GCM-SHA256:AES256-GCM-SHA384:AES128-SHA256:AES256-SHA256:AES128-SHA:AES256-SHA:AES:CAMELLIA:DES-CBC3-SHA:!aNULL:!eNULL:!EXPORT:!DES:!RC4:!MD5:!PSK:!aECDH:!EDH-DSS-DES-CBC3-SHA:!EDH-RSA-DES-CBC3-SHA:!KRB5-DES-CBC3-SHA';
  ssl_session_timeout 1d;
  ssl_session_cache shared:SSL:50m;
  ssl_stapling on;
  ssl_stapling_verify on;
  add_header Strict-Transport-Security max-age=15768000;

  location / {
    proxy_pass http://localhost:1096;
  }
}

